asf/sam/drivers/udphs/udphs_device.c:1722:13:udd_ep_finish_job	8	static
asf/sam/drivers/udphs/udphs_device.c:1739:13:udd_ep_trans_done	28	static
asf/sam/drivers/udphs/udphs_device.c:1363:13:udd_ctrl_in_sent	32	static
asf/sam/drivers/udphs/udphs_device.c:518:1:UDPHS_Handler	24	static
asf/sam/drivers/udphs/udphs_device.c:631:6:udd_include_vbus_monitoring	0	static
asf/sam/drivers/udphs/udphs_device.c:700:6:udd_disable	16	static
asf/sam/drivers/udphs/udphs_device.c:721:6:udd_attach	24	static
asf/sam/drivers/udphs/udphs_device.c:641:6:udd_enable	24	static
asf/sam/drivers/udphs/udphs_device.c:754:6:udd_detach	8	static
asf/sam/drivers/udphs/udphs_device.c:764:6:udd_is_high_speed	0	static
asf/sam/drivers/udphs/udphs_device.c:774:6:udd_set_address	0	static
asf/sam/drivers/udphs/udphs_device.c:783:9:udd_getaddress	0	static
asf/sam/drivers/udphs/udphs_device.c:789:10:udd_get_frame_number	0	static
asf/sam/drivers/udphs/udphs_device.c:794:10:udd_get_micro_frame_number	0	static
asf/sam/drivers/udphs/udphs_device.c:799:6:udd_send_remotewakeup	8	static
asf/sam/drivers/udphs/udphs_device.c:813:6:udd_set_setup_payload	0	static
asf/sam/drivers/udphs/udphs_device.c:964:6:udd_ep_free	16	static
asf/sam/drivers/udphs/udphs_device.c:978:6:udd_ep_is_halted	0	static
asf/sam/drivers/udphs/udphs_device.c:987:6:udd_ep_set_halt	12	static
asf/sam/drivers/udphs/udphs_device.c:1025:6:udd_ep_clear_halt	16	static
asf/sam/drivers/udphs/udphs_device.c:1069:6:udd_ep_run	24	static
asf/sam/drivers/udphs/udphs_device.c:821:6:udd_ep_alloc	56	static
asf/sam/drivers/udphs/udphs_device.c:1113:6:udd_ep_abort	4	static
asf/sam/drivers/udphs/udphs_device.c:1129:6:udd_ep_wait_stall_clear	8	static
asf/sam/drivers/udphs/udphs_device.c:1166:6:udd_test_mode_j	0	static
asf/sam/drivers/udphs/udphs_device.c:1173:6:udd_test_mode_k	0	static
asf/sam/drivers/udphs/udphs_device.c:1180:6:udd_test_mode_se0_nak	0	static
asf/sam/drivers/udphs/udphs_device.c:1186:6:udd_test_mode_packet	88	static
