asf/sam/utils/syscalls/gcc/syscalls.c:72:16:_sbrk	4	static
asf/sam/utils/syscalls/gcc/syscalls.c:92:12:link	0	static
asf/sam/utils/syscalls/gcc/syscalls.c:97:12:_close	0	static
asf/sam/utils/syscalls/gcc/syscalls.c:102:12:_fstat	0	static
asf/sam/utils/syscalls/gcc/syscalls.c:109:12:_isatty	0	static
asf/sam/utils/syscalls/gcc/syscalls.c:114:12:_lseek	0	static
asf/sam/utils/syscalls/gcc/syscalls.c:119:13:_exit	8	static
asf/sam/utils/syscalls/gcc/syscalls.c:126:13:_kill	0	static
asf/sam/utils/syscalls/gcc/syscalls.c:131:12:_getpid	0	static
