asf/sam/drivers/twi/twi.c:94:6:twi_enable_master_mode	0	static
asf/sam/drivers/twi/twi.c:109:6:twi_disable_master_mode	0	static
asf/sam/drivers/twi/twi.c:123:10:twi_master_init	16	static
asf/sam/drivers/twi/twi.c:161:10:twi_set_speed	0	static
asf/sam/drivers/twi/twi.c:255:10:twi_master_read	12	static
asf/sam/drivers/twi/twi.c:330:10:twi_master_write	8	static
asf/sam/drivers/twi/twi.c:196:10:twi_probe	32	static
asf/sam/drivers/twi/twi.c:391:6:twi_enable_interrupt	0	static
asf/sam/drivers/twi/twi.c:403:6:twi_disable_interrupt	0	static
asf/sam/drivers/twi/twi.c:418:10:twi_get_interrupt_status	0	static
asf/sam/drivers/twi/twi.c:430:10:twi_get_interrupt_mask	0	static
asf/sam/drivers/twi/twi.c:442:9:twi_read_byte	0	static
asf/sam/drivers/twi/twi.c:453:6:twi_write_byte	0	static
asf/sam/drivers/twi/twi.c:463:6:twi_enable_slave_mode	0	static
asf/sam/drivers/twi/twi.c:478:6:twi_disable_slave_mode	0	static
asf/sam/drivers/twi/twi.c:490:6:twi_slave_init	12	static
asf/sam/drivers/twi/twi.c:512:6:twi_set_slave_addr	0	static
asf/sam/drivers/twi/twi.c:528:10:twi_slave_read	4	static
asf/sam/drivers/twi/twi.c:560:10:twi_slave_write	4	static
asf/sam/drivers/twi/twi.c:586:6:twi_reset	0	static
asf/sam/drivers/twi/twi.c:600:6:twi_get_pdc_base	0	static
