src/main.c:974:6:main_vendor_bulk_in_received	0	static
src/main.c:989:6:main_vendor_bulk_out_received	0	static
src/main.c:1003:6:main_vendor_bulk_out_received_first	0	static
src/main.c:52:6:init_build_usb_serial_number	24	static
src/main.c:468:13:store_flash_table	8	static
src/main.c:81:6:TC2_Handler	36	static
src/main.c:297:6:write_ad5122	32	static
src/main.c:322:6:write_adm1177	40	static
src/main.c:336:6:read_adm1177	40	static
src/main.c:350:6:write_ad5663	16	static
src/main.c:278:6:config_hardware	40	static
src/main.c:365:6:set_mode	16	static
src/main.c:494:6:get_sample_ad7682	32	static
src/main.c:156:6:init_hardware	40	static
src/main.c:530:5:main	16	static
src/main.c:582:6:main_suspend_action	0	static
src/main.c:584:6:main_resume_action	0	static
src/main.c:586:6:main_sof_action	8	static
src/main.c:598:6:main_vendor_enable	0	static
src/main.c:605:6:main_vendor_disable	0	static
src/main.c:611:6:msft_string_handle	24	static
src/main.c:673:6:main_setup_handle	64	static
