asf/sam/drivers/pmc/pmc.c:93:6:pmc_mck_set_prescaler	0	static
asf/sam/drivers/pmc/pmc.c:105:6:pmc_mck_set_source	0	static
asf/sam/drivers/pmc/pmc.c:120:10:pmc_switch_mck_to_sclk	0	static
asf/sam/drivers/pmc/pmc.c:152:10:pmc_switch_mck_to_mainck	0	static
asf/sam/drivers/pmc/pmc.c:184:10:pmc_switch_mck_to_pllack	0	static
asf/sam/drivers/pmc/pmc.c:252:10:pmc_switch_mck_to_upllck	0	static
asf/sam/drivers/pmc/pmc.c:287:6:pmc_switch_sclk_to_32kxtal	0	static
asf/sam/drivers/pmc/pmc.c:304:10:pmc_osc_is_ready_32kxtal	0	static
asf/sam/drivers/pmc/pmc.c:319:6:pmc_switch_mainck_to_fastrc	0	static
asf/sam/drivers/pmc/pmc.c:344:6:pmc_osc_enable_fastrc	0	static
asf/sam/drivers/pmc/pmc.c:361:6:pmc_osc_disable_fastrc	0	static
asf/sam/drivers/pmc/pmc.c:374:10:pmc_osc_is_ready_fastrc	0	static
asf/sam/drivers/pmc/pmc.c:384:6:pmc_osc_enable_main_xtal	0	static
asf/sam/drivers/pmc/pmc.c:398:6:pmc_osc_bypass_main_xtal	0	static
asf/sam/drivers/pmc/pmc.c:411:6:pmc_osc_disable_main_xtal	0	static
asf/sam/drivers/pmc/pmc.c:423:10:pmc_osc_is_bypassed_main_xtal	0	static
asf/sam/drivers/pmc/pmc.c:435:10:pmc_osc_is_ready_main_xtal	0	static
asf/sam/drivers/pmc/pmc.c:453:6:pmc_switch_mainck_to_xtal	0	static
asf/sam/drivers/pmc/pmc.c:477:6:pmc_osc_disable_xtal	0	static
asf/sam/drivers/pmc/pmc.c:496:10:pmc_osc_is_ready_mainck	0	static
asf/sam/drivers/pmc/pmc.c:508:6:pmc_mainck_osc_select	0	static
asf/sam/drivers/pmc/pmc.c:526:6:pmc_enable_pllack	8	static
asf/sam/drivers/pmc/pmc.c:544:6:pmc_disable_pllack	0	static
asf/sam/drivers/pmc/pmc.c:559:10:pmc_is_locked_pllack	0	static
asf/sam/drivers/pmc/pmc.c:607:6:pmc_enable_upll_clock	0	static
asf/sam/drivers/pmc/pmc.c:618:6:pmc_disable_upll_clock	0	static
asf/sam/drivers/pmc/pmc.c:629:10:pmc_is_locked_upll	0	static
asf/sam/drivers/pmc/pmc.c:645:10:pmc_enable_periph_clk	0	static
asf/sam/drivers/pmc/pmc.c:677:10:pmc_disable_periph_clk	0	static
asf/sam/drivers/pmc/pmc.c:701:6:pmc_enable_all_periph_clk	0	static
asf/sam/drivers/pmc/pmc.c:715:6:pmc_disable_all_periph_clk	0	static
asf/sam/drivers/pmc/pmc.c:736:10:pmc_is_periph_clk_enabled	0	static
asf/sam/drivers/pmc/pmc.c:768:6:pmc_pck_set_prescaler	0	static
asf/sam/drivers/pmc/pmc.c:782:6:pmc_pck_set_source	0	static
asf/sam/drivers/pmc/pmc.c:799:10:pmc_switch_pck_to_sclk	4	static
asf/sam/drivers/pmc/pmc.c:823:10:pmc_switch_pck_to_mainck	4	static
asf/sam/drivers/pmc/pmc.c:847:10:pmc_switch_pck_to_pllack	4	static
asf/sam/drivers/pmc/pmc.c:899:10:pmc_switch_pck_to_upllck	4	static
asf/sam/drivers/pmc/pmc.c:921:6:pmc_enable_pck	0	static
asf/sam/drivers/pmc/pmc.c:931:6:pmc_disable_pck	0	static
asf/sam/drivers/pmc/pmc.c:939:6:pmc_enable_all_pck	0	static
asf/sam/drivers/pmc/pmc.c:947:6:pmc_disable_all_pck	0	static
asf/sam/drivers/pmc/pmc.c:960:10:pmc_is_pck_enabled	0	static
asf/sam/drivers/pmc/pmc.c:1122:6:pmc_enable_interrupt	0	static
asf/sam/drivers/pmc/pmc.c:1132:6:pmc_disable_interrupt	0	static
asf/sam/drivers/pmc/pmc.c:1142:10:pmc_get_interrupt_mask	0	static
asf/sam/drivers/pmc/pmc.c:1152:10:pmc_get_status	0	static
asf/sam/drivers/pmc/pmc.c:1163:6:pmc_set_fast_startup_input	0	static
asf/sam/drivers/pmc/pmc.c:1175:6:pmc_clr_fast_startup_input	0	static
asf/sam/drivers/pmc/pmc.c:1216:6:pmc_enable_sleepmode	0	static
asf/sam/drivers/pmc/pmc.c:1299:6:pmc_enable_waitmode	0	static
asf/sam/drivers/pmc/pmc.c:1324:6:pmc_enable_backupmode	0	static
asf/sam/drivers/pmc/pmc.c:1345:6:pmc_enable_clock_failure_detector	0	static
asf/sam/drivers/pmc/pmc.c:1355:6:pmc_disable_clock_failure_detector	0	static
asf/sam/drivers/pmc/pmc.c:1389:6:pmc_set_writeprotect	0	static
asf/sam/drivers/pmc/pmc.c:1404:10:pmc_get_writeprotect_status	0	static
