asf/sam/drivers/usart/usart.c:283:6:usart_reset	16	static
asf/sam/drivers/usart/usart.c:317:10:usart_init_rs232	28	static
asf/sam/drivers/usart/usart.c:356:10:usart_init_hw_handshaking	8	static
asf/sam/drivers/usart/usart.c:385:10:usart_init_modem	8	static
asf/sam/drivers/usart/usart.c:429:10:usart_init_sync_master	24	static
asf/sam/drivers/usart/usart.c:466:10:usart_init_sync_slave	20	static
asf/sam/drivers/usart/usart.c:505:10:usart_init_rs485	8	static
asf/sam/drivers/usart/usart.c:532:10:usart_init_irda	16	static
asf/sam/drivers/usart/usart.c:562:10:usart_init_iso7816	24	static
asf/sam/drivers/usart/usart.c:635:10:usart_init_spi_master	28	static
asf/sam/drivers/usart/usart.c:699:10:usart_init_spi_slave	24	static
asf/sam/drivers/usart/usart.c:1035:6:usart_enable_tx	0	static
asf/sam/drivers/usart/usart.c:1045:6:usart_disable_tx	0	static
asf/sam/drivers/usart/usart.c:1055:6:usart_reset_tx	0	static
asf/sam/drivers/usart/usart.c:1067:6:usart_set_tx_timeguard	0	static
asf/sam/drivers/usart/usart.c:1077:6:usart_enable_rx	0	static
asf/sam/drivers/usart/usart.c:1087:6:usart_disable_rx	0	static
asf/sam/drivers/usart/usart.c:1097:6:usart_reset_rx	0	static
asf/sam/drivers/usart/usart.c:1109:6:usart_set_rx_timeout	0	static
asf/sam/drivers/usart/usart.c:1120:6:usart_enable_interrupt	0	static
asf/sam/drivers/usart/usart.c:1131:6:usart_disable_interrupt	0	static
asf/sam/drivers/usart/usart.c:1143:10:usart_get_interrupt_mask	0	static
asf/sam/drivers/usart/usart.c:1155:10:usart_get_status	0	static
asf/sam/drivers/usart/usart.c:1165:6:usart_reset_status	0	static
asf/sam/drivers/usart/usart.c:1175:6:usart_start_tx_break	0	static
asf/sam/drivers/usart/usart.c:1185:6:usart_stop_tx_break	0	static
asf/sam/drivers/usart/usart.c:1196:6:usart_start_rx_timeout	0	static
asf/sam/drivers/usart/usart.c:1211:10:usart_send_address	0	static
asf/sam/drivers/usart/usart.c:1231:6:usart_reset_iterations	0	static
asf/sam/drivers/usart/usart.c:1241:6:usart_reset_nack	0	static
asf/sam/drivers/usart/usart.c:1251:6:usart_restart_rx_timeout	0	static
asf/sam/drivers/usart/usart.c:1263:6:usart_drive_DTR_pin_low	0	static
asf/sam/drivers/usart/usart.c:1273:6:usart_drive_DTR_pin_high	0	static
asf/sam/drivers/usart/usart.c:1285:6:usart_drive_RTS_pin_low	0	static
asf/sam/drivers/usart/usart.c:1295:6:usart_drive_RTS_pin_high	0	static
asf/sam/drivers/usart/usart.c:1305:6:usart_spi_force_chip_select	0	static
asf/sam/drivers/usart/usart.c:1315:6:usart_spi_release_chip_select	0	static
asf/sam/drivers/usart/usart.c:1330:10:usart_is_tx_ready	0	static
asf/sam/drivers/usart/usart.c:1345:10:usart_is_tx_empty	0	static
asf/sam/drivers/usart/usart.c:1359:10:usart_is_rx_ready	0	static
asf/sam/drivers/usart/usart.c:1372:10:usart_is_rx_buf_end	0	static
asf/sam/drivers/usart/usart.c:1385:10:usart_is_tx_buf_end	0	static
asf/sam/drivers/usart/usart.c:1398:10:usart_is_rx_buf_full	0	static
asf/sam/drivers/usart/usart.c:1411:10:usart_is_tx_buf_empty	0	static
asf/sam/drivers/usart/usart.c:1427:10:usart_write	0	static
asf/sam/drivers/usart/usart.c:1448:10:usart_putchar	0	static
asf/sam/drivers/usart/usart.c:1464:6:usart_write_line	0	static
asf/sam/drivers/usart/usart.c:1482:10:usart_read	0	static
asf/sam/drivers/usart/usart.c:1504:10:usart_getchar	0	static
asf/sam/drivers/usart/usart.c:1524:11:usart_get_tx_access	0	static
asf/sam/drivers/usart/usart.c:1536:11:usart_get_rx_access	0	static
asf/sam/drivers/usart/usart.c:1550:6:usart_get_pdc_base	0	static
asf/sam/drivers/usart/usart.c:1596:6:usart_enable_writeprotect	0	static
asf/sam/drivers/usart/usart.c:1606:6:usart_disable_writeprotect	0	static
asf/sam/drivers/usart/usart.c:1619:10:usart_get_writeprotect_status	0	static
asf/sam/drivers/usart/usart.c:1638:9:usart_get_error_number	0	static
asf/sam/drivers/usart/usart.c:1652:6:usart_man_set_tx_pre_len	0	static
asf/sam/drivers/usart/usart.c:1668:6:usart_man_set_tx_pre_pattern	0	static
asf/sam/drivers/usart/usart.c:1682:6:usart_man_set_tx_polarity	0	static
asf/sam/drivers/usart/usart.c:1695:6:usart_man_set_rx_pre_len	0	static
asf/sam/drivers/usart/usart.c:1711:6:usart_man_set_rx_pre_pattern	0	static
asf/sam/drivers/usart/usart.c:1725:6:usart_man_set_rx_polarity	0	static
asf/sam/drivers/usart/usart.c:1738:6:usart_man_enable_drift_compensation	0	static
asf/sam/drivers/usart/usart.c:1748:6:usart_man_disable_drift_compensation	0	static
