asf/sam/services/flash_efc/flash_efc.c:303:10:flash_init	8	static
asf/sam/services/flash_efc/flash_efc.c:322:10:flash_set_wait_state	8	static
asf/sam/services/flash_efc/flash_efc.c:340:10:flash_set_wait_state_adaptively	8	static
asf/sam/services/flash_efc/flash_efc.c:384:10:flash_get_wait_state	0	static
asf/sam/services/flash_efc/flash_efc.c:401:10:flash_get_descriptor	24	static
asf/sam/services/flash_efc/flash_efc.c:438:10:flash_get_page_count	0	static
asf/sam/services/flash_efc/flash_efc.c:453:10:flash_get_page_count_per_region	0	static
asf/sam/services/flash_efc/flash_efc.c:468:10:flash_get_region_count	0	static
asf/sam/services/flash_efc/flash_efc.c:484:10:flash_erase_all	8	static
asf/sam/services/flash_efc/flash_efc.c:595:10:flash_write	56	static
asf/sam/services/flash_efc/flash_efc.c:682:10:flash_lock	16	static
asf/sam/services/flash_efc/flash_efc.c:731:10:flash_unlock	16	static
asf/sam/services/flash_efc/flash_efc.c:775:10:flash_is_locked	24	static
asf/sam/services/flash_efc/flash_efc.c:852:10:flash_set_gpnvm	8	static
asf/sam/services/flash_efc/flash_efc.c:876:10:flash_clear_gpnvm	8	static
asf/sam/services/flash_efc/flash_efc.c:902:10:flash_is_gpnvm_set	8	static
asf/sam/services/flash_efc/flash_efc.c:927:10:flash_enable_security_bit	8	static
asf/sam/services/flash_efc/flash_efc.c:939:10:flash_is_security_bit_enabled	8	static
asf/sam/services/flash_efc/flash_efc.c:952:10:flash_read_unique_id	40	static
